// Jest Snapshot v1, https://goo.gl/fbAQLP

exports[`Footer Component Test renders correctly 1`] = `<footer />`;

exports[`Footer Component Test should  1`] = `<footer />`;

exports[`Test Footer Component should  1`] = `<footer />`;
