// Jest Snapshot v1, https://goo.gl/fbAQLP

exports[`Index Component Test renders correctly 1`] = `null`;
